Analysis & Synthesis report for Pong
Fri Sep 20 17:39:21 2024
Quartus II 64-Bit Version 13.0.1 Build 232 06/12/2013 Service Pack 1 SJ Web Edition


---------------------
; Table of Contents ;
---------------------
  1. Legal Notice
  2. Analysis & Synthesis Summary
  3. Analysis & Synthesis Settings
  4. Parallel Compilation
  5. Parameter Settings for User Entity Instance: Top-level Entity: |pong
  6. Parameter Settings for User Entity Instance: vga_controller:vga
  7. Port Connectivity Checks: "ball:bola_inst"
  8. Analysis & Synthesis Messages



----------------
; Legal Notice ;
----------------
Copyright (C) 1991-2013 Altera Corporation
Your use of Altera Corporation's design tools, logic functions 
and other software and tools, and its AMPP partner logic 
functions, and any output files from any of the foregoing 
(including device programming or simulation files), and any 
associated documentation or information are expressly subject 
to the terms and conditions of the Altera Program License 
Subscription Agreement, Altera MegaCore Function License 
Agreement, or other applicable license agreement, including, 
without limitation, that your use is for the sole purpose of 
programming logic devices manufactured by Altera and sold by 
Altera or its authorized distributors.  Please refer to the 
applicable agreement for further details.



+--------------------------------------------------------------------------------------+
; Analysis & Synthesis Summary                                                         ;
+------------------------------------+-------------------------------------------------+
; Analysis & Synthesis Status        ; Failed - Fri Sep 20 17:39:21 2024               ;
; Quartus II 64-Bit Version          ; 13.0.1 Build 232 06/12/2013 SP 1 SJ Web Edition ;
; Revision Name                      ; Pong                                            ;
; Top-level Entity Name              ; pong                                            ;
; Family                             ; Cyclone II                                      ;
; Total logic elements               ; N/A until Partition Merge                       ;
;     Total combinational functions  ; N/A until Partition Merge                       ;
;     Dedicated logic registers      ; N/A until Partition Merge                       ;
; Total registers                    ; N/A until Partition Merge                       ;
; Total pins                         ; N/A until Partition Merge                       ;
; Total virtual pins                 ; N/A until Partition Merge                       ;
; Total memory bits                  ; N/A until Partition Merge                       ;
; Embedded Multiplier 9-bit elements ; N/A until Partition Merge                       ;
; Total PLLs                         ; N/A until Partition Merge                       ;
+------------------------------------+-------------------------------------------------+


+----------------------------------------------------------------------------------------------------------------------+
; Analysis & Synthesis Settings                                                                                        ;
+----------------------------------------------------------------------------+--------------------+--------------------+
; Option                                                                     ; Setting            ; Default Value      ;
+----------------------------------------------------------------------------+--------------------+--------------------+
; Device                                                                     ; EP2C5F256C6        ;                    ;
; Top-level entity name                                                      ; pong               ; Pong               ;
; Family name                                                                ; Cyclone II         ; Cyclone IV GX      ;
; Use smart compilation                                                      ; Off                ; Off                ;
; Enable parallel Assembler and TimeQuest Timing Analyzer during compilation ; On                 ; On                 ;
; Enable compact report table                                                ; Off                ; Off                ;
; Restructure Multiplexers                                                   ; Auto               ; Auto               ;
; Create Debugging Nodes for IP Cores                                        ; Off                ; Off                ;
; Preserve fewer node names                                                  ; On                 ; On                 ;
; Disable OpenCore Plus hardware evaluation                                  ; Off                ; Off                ;
; Verilog Version                                                            ; Verilog_2001       ; Verilog_2001       ;
; VHDL Version                                                               ; VHDL_1993          ; VHDL_1993          ;
; State Machine Processing                                                   ; Auto               ; Auto               ;
; Safe State Machine                                                         ; Off                ; Off                ;
; Extract Verilog State Machines                                             ; On                 ; On                 ;
; Extract VHDL State Machines                                                ; On                 ; On                 ;
; Ignore Verilog initial constructs                                          ; Off                ; Off                ;
; Iteration limit for constant Verilog loops                                 ; 5000               ; 5000               ;
; Iteration limit for non-constant Verilog loops                             ; 250                ; 250                ;
; Add Pass-Through Logic to Inferred RAMs                                    ; On                 ; On                 ;
; Infer RAMs from Raw Logic                                                  ; On                 ; On                 ;
; Parallel Synthesis                                                         ; On                 ; On                 ;
; DSP Block Balancing                                                        ; Auto               ; Auto               ;
; NOT Gate Push-Back                                                         ; On                 ; On                 ;
; Power-Up Don't Care                                                        ; On                 ; On                 ;
; Remove Redundant Logic Cells                                               ; Off                ; Off                ;
; Remove Duplicate Registers                                                 ; On                 ; On                 ;
; Ignore CARRY Buffers                                                       ; Off                ; Off                ;
; Ignore CASCADE Buffers                                                     ; Off                ; Off                ;
; Ignore GLOBAL Buffers                                                      ; Off                ; Off                ;
; Ignore ROW GLOBAL Buffers                                                  ; Off                ; Off                ;
; Ignore LCELL Buffers                                                       ; Off                ; Off                ;
; Ignore SOFT Buffers                                                        ; On                 ; On                 ;
; Limit AHDL Integers to 32 Bits                                             ; Off                ; Off                ;
; Optimization Technique                                                     ; Balanced           ; Balanced           ;
; Carry Chain Length                                                         ; 70                 ; 70                 ;
; Auto Carry Chains                                                          ; On                 ; On                 ;
; Auto Open-Drain Pins                                                       ; On                 ; On                 ;
; Perform WYSIWYG Primitive Resynthesis                                      ; Off                ; Off                ;
; Auto ROM Replacement                                                       ; On                 ; On                 ;
; Auto RAM Replacement                                                       ; On                 ; On                 ;
; Auto Shift Register Replacement                                            ; Auto               ; Auto               ;
; Allow Shift Register Merging across Hierarchies                            ; Auto               ; Auto               ;
; Auto Clock Enable Replacement                                              ; On                 ; On                 ;
; Strict RAM Replacement                                                     ; Off                ; Off                ;
; Allow Synchronous Control Signals                                          ; On                 ; On                 ;
; Force Use of Synchronous Clear Signals                                     ; Off                ; Off                ;
; Auto RAM to Logic Cell Conversion                                          ; Off                ; Off                ;
; Auto Resource Sharing                                                      ; Off                ; Off                ;
; Allow Any RAM Size For Recognition                                         ; Off                ; Off                ;
; Allow Any ROM Size For Recognition                                         ; Off                ; Off                ;
; Allow Any Shift Register Size For Recognition                              ; Off                ; Off                ;
; Use LogicLock Constraints during Resource Balancing                        ; On                 ; On                 ;
; Ignore translate_off and synthesis_off directives                          ; Off                ; Off                ;
; Timing-Driven Synthesis                                                    ; Off                ; Off                ;
; Report Parameter Settings                                                  ; On                 ; On                 ;
; Report Source Assignments                                                  ; On                 ; On                 ;
; Report Connectivity Checks                                                 ; On                 ; On                 ;
; Ignore Maximum Fan-Out Assignments                                         ; Off                ; Off                ;
; Synchronization Register Chain Length                                      ; 2                  ; 2                  ;
; PowerPlay Power Optimization                                               ; Normal compilation ; Normal compilation ;
; HDL message level                                                          ; Level2             ; Level2             ;
; Suppress Register Optimization Related Messages                            ; Off                ; Off                ;
; Number of Removed Registers Reported in Synthesis Report                   ; 5000               ; 5000               ;
; Number of Swept Nodes Reported in Synthesis Report                         ; 5000               ; 5000               ;
; Number of Inverted Registers Reported in Synthesis Report                  ; 100                ; 100                ;
; Clock MUX Protection                                                       ; On                 ; On                 ;
; Auto Gated Clock Conversion                                                ; Off                ; Off                ;
; Block Design Naming                                                        ; Auto               ; Auto               ;
; SDC constraint protection                                                  ; Off                ; Off                ;
; Synthesis Effort                                                           ; Auto               ; Auto               ;
; Shift Register Replacement - Allow Asynchronous Clear Signal               ; On                 ; On                 ;
; Pre-Mapping Resynthesis Optimization                                       ; Off                ; Off                ;
; Analysis & Synthesis Message Level                                         ; Medium             ; Medium             ;
; Disable Register Merging Across Hierarchies                                ; Auto               ; Auto               ;
; Resource Aware Inference For Block RAM                                     ; On                 ; On                 ;
; Synthesis Seed                                                             ; 1                  ; 1                  ;
+----------------------------------------------------------------------------+--------------------+--------------------+


Parallel compilation was disabled, but you have multiple processors available. Enable parallel compilation to reduce compilation time.
+-------------------------------------+
; Parallel Compilation                ;
+----------------------------+--------+
; Processors                 ; Number ;
+----------------------------+--------+
; Number detected on machine ; 16     ;
; Maximum allowed            ; 1      ;
+----------------------------+--------+


+----------------------------------------------------------------------+
; Parameter Settings for User Entity Instance: Top-level Entity: |pong ;
+-----------------+-------+--------------------------------------------+
; Parameter Name  ; Value ; Type                                       ;
+-----------------+-------+--------------------------------------------+
; largura_raquete ; 10    ; Signed Integer                             ;
; altura_raquete  ; 40    ; Signed Integer                             ;
; largura_bola    ; 5     ; Signed Integer                             ;
+-----------------+-------+--------------------------------------------+
Note: In order to hide this table in the UI and the text report file, please set the "Show Parameter Settings in Synthesis Report" option in "Analysis and Synthesis Settings -> More Settings" to "Off".


+-----------------------------------------------------------------+
; Parameter Settings for User Entity Instance: vga_controller:vga ;
+----------------+-------+----------------------------------------+
; Parameter Name ; Value ; Type                                   ;
+----------------+-------+----------------------------------------+
; H_SYNC_PULSE   ; 96    ; Signed Integer                         ;
; H_BACK_PORCH   ; 48    ; Signed Integer                         ;
; H_DISPLAY      ; 640   ; Signed Integer                         ;
; H_FRONT_PORCH  ; 16    ; Signed Integer                         ;
; H_TOTAL        ; 800   ; Signed Integer                         ;
; V_SYNC_PULSE   ; 2     ; Signed Integer                         ;
; V_BACK_PORCH   ; 33    ; Signed Integer                         ;
; V_DISPLAY      ; 480   ; Signed Integer                         ;
; V_FRONT_PORCH  ; 10    ; Signed Integer                         ;
; V_TOTAL        ; 525   ; Signed Integer                         ;
+----------------+-------+----------------------------------------+
Note: In order to hide this table in the UI and the text report file, please set the "Show Parameter Settings in Synthesis Report" option in "Analysis and Synthesis Settings -> More Settings" to "Off".


+-----------------------------------------------------------------------------------------------------------------------------------------------------------------------------------------------------------------------------------+
; Port Connectivity Checks: "ball:bola_inst"                                                                                                                                                                                        ;
+----------------+---------+------------------+-------------------------------------------------------------------------------------------------------------------------------------------------------------------------------------+
; Port           ; Type    ; Severity         ; Details                                                                                                                                                                             ;
+----------------+---------+------------------+-------------------------------------------------------------------------------------------------------------------------------------------------------------------------------------+
; racket_x       ; Input   ; Warning          ; Input port expression (32 bits) is wider than the input port (10 bits) it drives.  The 22 most-significant bit(s) in the expression will be dangling if they have no other fanouts. ;
; racket_x[9..5] ; Input   ; Info             ; Stuck at GND                                                                                                                                                                        ;
; racket_x[1..0] ; Input   ; Info             ; Stuck at GND                                                                                                                                                                        ;
; racket_x[4]    ; Input   ; Info             ; Stuck at VCC                                                                                                                                                                        ;
; racket_x[3]    ; Input   ; Info             ; Stuck at GND                                                                                                                                                                        ;
; racket_x[2]    ; Input   ; Info             ; Stuck at VCC                                                                                                                                                                        ;
; racket2_x      ; Unknown ; Critical Warning ; Named port was not declared by the instantiated entity                                                                                                                              ;
; racket2_y      ; Unknown ; Critical Warning ; Named port was not declared by the instantiated entity                                                                                                                              ;
; ball_dir       ; Output  ; Warning          ; Declared by entity but not connected by instance. Logic that only feeds a dangling port will be removed.                                                                            ;
+----------------+---------+------------------+-------------------------------------------------------------------------------------------------------------------------------------------------------------------------------------+


+-------------------------------+
; Analysis & Synthesis Messages ;
+-------------------------------+
Info: *******************************************************************
Info: Running Quartus II 64-Bit Analysis & Synthesis
    Info: Version 13.0.1 Build 232 06/12/2013 Service Pack 1 SJ Web Edition
    Info: Processing started: Fri Sep 20 17:39:21 2024
Info: Command: quartus_map --read_settings_files=on --write_settings_files=off Pong -c Pong
Warning (20028): Parallel compilation is not licensed and has been disabled
Info (12021): Found 1 design units, including 1 entities, in source file vga_controller.v
    Info (12023): Found entity 1: vga_controller
Info (12021): Found 1 design units, including 1 entities, in source file ball.v
    Info (12023): Found entity 1: ball
Info (12021): Found 1 design units, including 1 entities, in source file racket.v
    Info (12023): Found entity 1: racket
Info (12021): Found 1 design units, including 1 entities, in source file pong.v
    Info (12023): Found entity 1: pong
Info (12127): Elaborating entity "pong" for the top level hierarchy
Info (12128): Elaborating entity "vga_controller" for hierarchy "vga_controller:vga"
Warning (10230): Verilog HDL assignment warning at vga_controller.v(39): truncated value with size 32 to match size of target (10)
Warning (10230): Verilog HDL assignment warning at vga_controller.v(42): truncated value with size 32 to match size of target (10)
Warning (10230): Verilog HDL assignment warning at vga_controller.v(60): truncated value with size 32 to match size of target (10)
Warning (10230): Verilog HDL assignment warning at vga_controller.v(66): truncated value with size 32 to match size of target (10)
Info (12128): Elaborating entity "racket" for hierarchy "racket:raquete1"
Warning (10230): Verilog HDL assignment warning at racket.v(13): truncated value with size 32 to match size of target (10)
Warning (10230): Verilog HDL assignment warning at racket.v(15): truncated value with size 32 to match size of target (10)
Info (12128): Elaborating entity "ball" for hierarchy "ball:bola_inst"
Warning (10230): Verilog HDL assignment warning at ball.v(21): truncated value with size 32 to match size of target (10)
Warning (10230): Verilog HDL assignment warning at ball.v(22): truncated value with size 32 to match size of target (10)
Warning (10230): Verilog HDL assignment warning at ball.v(25): truncated value with size 32 to match size of target (10)
Warning (10230): Verilog HDL assignment warning at ball.v(26): truncated value with size 32 to match size of target (10)
Warning (10230): Verilog HDL assignment warning at ball.v(29): truncated value with size 32 to match size of target (10)
Warning (10230): Verilog HDL assignment warning at ball.v(30): truncated value with size 32 to match size of target (10)
Warning (10230): Verilog HDL assignment warning at ball.v(33): truncated value with size 32 to match size of target (10)
Warning (10230): Verilog HDL assignment warning at ball.v(34): truncated value with size 32 to match size of target (10)
Warning (10034): Output port "ball_dir" at ball.v(9) has no driver
Error (12002): Port "racket2_x" does not exist in macrofunction "bola_inst" File: D:/Quartus/pong.v Line: 62
Error (12002): Port "racket2_y" does not exist in macrofunction "bola_inst" File: D:/Quartus/pong.v Line: 62
Warning (12241): 1 hierarchies have connectivity warnings - see the Connectivity Checks report folder
Error: Quartus II 64-Bit Analysis & Synthesis was unsuccessful. 2 errors, 17 warnings
    Error: Peak virtual memory: 4577 megabytes
    Error: Processing ended: Fri Sep 20 17:39:21 2024
    Error: Elapsed time: 00:00:00
    Error: Total CPU time (on all processors): 00:00:00


